12:51:51  project 02-funnel-retention in /home/runner/work/data-analytics-portfolio/data-analytics-portfolio/02-funnel-retention
12:51:51  source cosmetics_kaggle: all 5 files present, no download
12:51:51  executing 02_load_explore.ipynb
12:51:53  cell   1      0.0s  DuckDB: an in-process SQL engine, good for querying CSVs directly without a server
12:51:53  cell   2      0.0s  Opens (or creates) a local database file to hold the loaded table
12:52:06  cell   3     12.8s  All 5 monthly files share the same schema, one continuous event stream split
12:52:06  cell   4      0.0s  Confirm the table loaded successfully
12:52:06  cell   5      0.0s  Total row count across all 5 months combined
12:52:06  cell   6      0.0s  Check column names and types before writing queries against this table
12:52:06  cell   7      0.0s  See what values event_type takes and how many rows fall in each,
12:52:07  cell   8      0.4s  Check the date range this data actually covers, and null counts for the
12:52:07  cell   9      0.0s  user_id is the other essential column for retention/cohort analysis,
12:52:08  cell  11      1.6s  Count total sessions and how many reached each funnel stage at least once.
12:52:08  cell  12      0.0s  Save the funnel stage counts as a view: total sessions, and how many
12:52:10  cell  13      1.6s  Convert the raw counts into conversion rates between stages, both against
12:52:10  cell  15      0.1s  Check whether repeat purchasing actually happens in this data: for each
12:52:10  cell  16      0.1s  Assign each purchaser to a cohort based on the calendar month of their
12:52:10  cell  17      0.4s  con.execute("""
12:52:11  cell  18      0.5s  Turn the raw counts into retention percentages: what share of each
12:52:12  cell  20      1.1s  Pull retention percentages for charting, excluding the most recent cohort
12:52:13  cell  21      0.7s  import matplotlib.pyplot as plt
12:52:13  cell  22      0.2s  One fixed color per cohort, chosen to stay distinguishable under color
12:52:16  cell  24      3.4s  Reshape the funnel counts into one row per stage, in funnel order, both
12:52:16  cell  25      0.2s  import matplotlib.pyplot as plt
12:52:16  cell  27      0.0s  Sum cart value per session, and flag whether that session ever purchased.
12:52:17  cell  28      0.8s  Split total cart value into what converted vs what never did, plus the
12:52:17  cell  29      0.0s  Actual revenue from completed purchases, as a separate check, this isn't
12:52:17  cell  31      0.0s  
12:52:18  notebook finished: 25 of 25 code cells in 25.7s
12:52:18  source cosmetics_kaggle: unchanged, identical to the committed fingerprint (5 entries)
12:52:27  report written: /home/runner/work/data-analytics-portfolio/data-analytics-portfolio/ci/reports/02-funnel-retention/2026-09-28.md
12:52:27  22 of 22 listed figures reproduced on 2026-09-28.
