11:57:28  project 02-funnel-retention in /home/runner/work/data-analytics-portfolio/data-analytics-portfolio/02-funnel-retention
11:57:28  source cosmetics_kaggle: downloading mkechinov/ecommerce-events-history-in-cosmetics-shop into /home/runner/work/data-analytics-portfolio/data-analytics-portfolio/data/cosmetics
11:57:40  source cosmetics_kaggle: downloaded in 12s
11:57:40  executing 02_load_explore.ipynb
11:57:42  cell   1      0.0s  DuckDB: an in-process SQL engine, good for querying CSVs directly without a server
11:57:42  cell   2      0.0s  Opens (or creates) a local database file to hold the loaded table
11:57:54  cell   3     12.4s  All 5 monthly files share the same schema, one continuous event stream split
11:57:54  cell   4      0.0s  Confirm the table loaded successfully
11:57:54  cell   5      0.0s  Total row count across all 5 months combined
11:57:54  cell   6      0.0s  Check column names and types before writing queries against this table
11:57:54  cell   7      0.0s  See what values event_type takes and how many rows fall in each,
11:57:55  cell   8      0.4s  Check the date range this data actually covers, and null counts for the
11:57:55  cell   9      0.0s  user_id is the other essential column for retention/cohort analysis,
11:57:56  cell  11      1.6s  Count total sessions and how many reached each funnel stage at least once.
11:57:56  cell  12      0.0s  Save the funnel stage counts as a view: total sessions, and how many
11:57:58  cell  13      1.6s  Convert the raw counts into conversion rates between stages, both against
11:57:58  cell  15      0.1s  Check whether repeat purchasing actually happens in this data: for each
11:57:58  cell  16      0.0s  Assign each purchaser to a cohort based on the calendar month of their
11:57:58  cell  17      0.2s  con.execute("""
11:57:59  cell  18      0.5s  Turn the raw counts into retention percentages: what share of each
11:58:00  cell  20      1.1s  Pull retention percentages for charting, excluding the most recent cohort
11:58:01  cell  21      0.8s  import matplotlib.pyplot as plt
11:58:01  cell  22      0.2s  One fixed color per cohort, chosen to stay distinguishable under color
11:58:04  cell  24      3.5s  Reshape the funnel counts into one row per stage, in funnel order, both
11:58:05  cell  25      0.2s  import matplotlib.pyplot as plt
11:58:05  cell  27      0.0s  Sum cart value per session, and flag whether that session ever purchased.
11:58:05  cell  28      0.9s  Split total cart value into what converted vs what never did, plus the
11:58:06  cell  29      0.0s  Actual revenue from completed purchases, as a separate check, this isn't
11:58:06  cell  31      0.0s  
11:58:06  notebook finished: 25 of 25 code cells in 25.4s
11:58:06  source cosmetics_kaggle: unchanged, identical to the committed fingerprint (5 entries)
11:58:16  report written: /home/runner/work/data-analytics-portfolio/data-analytics-portfolio/ci/reports/02-funnel-retention/2026-09-21.md
11:58:16  22 of 22 listed figures reproduced on 2026-09-21.
