11:45:10  project 02-funnel-retention in /home/runner/work/data-analytics-portfolio/data-analytics-portfolio/02-funnel-retention
11:45:10  source cosmetics_kaggle: all 5 files present, no download
11:45:10  executing 02_load_explore.ipynb
11:45:13  cell   1      0.0s  DuckDB: an in-process SQL engine, good for querying CSVs directly without a server
11:45:13  cell   2      0.1s  Opens (or creates) a local database file to hold the loaded table
11:45:24  cell   3     11.0s  All 5 monthly files share the same schema, one continuous event stream split
11:45:24  cell   4      0.0s  Confirm the table loaded successfully
11:45:24  cell   5      0.0s  Total row count across all 5 months combined
11:45:24  cell   6      0.0s  Check column names and types before writing queries against this table
11:45:24  cell   7      0.0s  See what values event_type takes and how many rows fall in each,
11:45:24  cell   8      0.3s  Check the date range this data actually covers, and null counts for the
11:45:24  cell   9      0.0s  user_id is the other essential column for retention/cohort analysis,
11:45:25  cell  11      1.4s  Count total sessions and how many reached each funnel stage at least once.
11:45:25  cell  12      0.0s  Save the funnel stage counts as a view: total sessions, and how many
11:45:27  cell  13      1.3s  Convert the raw counts into conversion rates between stages, both against
11:45:27  cell  15      0.1s  Check whether repeat purchasing actually happens in this data: for each
11:45:27  cell  16      0.1s  Assign each purchaser to a cohort based on the calendar month of their
11:45:27  cell  17      0.2s  con.execute("""
11:45:28  cell  18      0.3s  Turn the raw counts into retention percentages: what share of each
11:45:28  cell  20      0.8s  Pull retention percentages for charting, excluding the most recent cohort
11:45:30  cell  21      1.3s  import matplotlib.pyplot as plt
11:45:30  cell  22      0.2s  One fixed color per cohort, chosen to stay distinguishable under color
11:45:33  cell  24      2.9s  Reshape the funnel counts into one row per stage, in funnel order, both
11:45:33  cell  25      0.1s  import matplotlib.pyplot as plt
11:45:33  cell  27      0.0s  Sum cart value per session, and flag whether that session ever purchased.
11:45:34  cell  28      0.7s  Split total cart value into what converted vs what never did, plus the
11:45:34  cell  29      0.0s  Actual revenue from completed purchases, as a separate check, this isn't
11:45:34  cell  31      0.0s  
11:45:34  notebook finished: 25 of 25 code cells in 23.2s
11:45:34  source cosmetics_kaggle: unchanged, identical to the committed fingerprint (5 entries)
11:45:42  report written: /home/runner/work/data-analytics-portfolio/data-analytics-portfolio/ci/reports/02-funnel-retention/2026-09-14.md
11:45:42  22 of 22 listed figures reproduced on 2026-09-14.
